// Jest Snapshot v1, https://goo.gl/fbAQLP

exports[`Game List Item renders correctly 1`] = `
<Text
  style={
    Array [
      Object {
        "color": "white",
        "fontSize": 17,
      },
      Object {
        "color": "black",
      },
    ]
  }
>
  Adriano
</Text>
`;
